// Jest Snapshot v1, https://goo.gl/fbAQLP

exports[`Firm Invite component creates and checks snapshot of FirmInvite component html 1`] = `
<table
  align="center"
  className="container"
>
  <tbody>
    <tr>
      <td>
        <table
          align="center"
          className="row"
        >
          <tbody>
            <tr>
              <th
                align="center"
                className="large-12 small-12 columns first last"
              >
                <table>
                  <tbody>
                    <tr>
                      <th>
                        <table
                          align="center"
                          className="container"
                        >
                          <tbody
                            align="center"
                          >
                            <tr>
                              <td>
                                <table
                                  align="center"
                                  className="row"
                                >
                                  <tbody>
                                    <tr>
                                      <th
                                        align="center"
                                        className="large-12 small-12 columns first last"
                                      >
                                        <table>
                                          <tbody>
                                            <tr>
                                              <th>
                                                <div
                                                  style={
                                                    Object {
                                                      "borderBottom": "1px solid grey",
                                                      "boxSizing": "border-box",
                                                      "height": "20px",
                                                      "margin": "auto",
                                                      "padding": "10px 40px",
                                                      "position": "relative",
                                                      "textAlign": "center",
                                                      "width": "100%",
                                                    }
                                                  }
                                                >
                                                  <span
                                                    style={
                                                      Object {
                                                        "backgroundColor": "#FFFFFF",
                                                        "boxSizing": "border-box",
                                                        "fontSize": "14pt",
                                                        "margin": "0",
                                                        "padding": "0px 20px",
                                                      }
                                                    }
                                                  >
                                                    header
                                                     Information
                                                  </span>
                                                </div>
                                              </th>
                                            </tr>
                                          </tbody>
                                        </table>
                                      </th>
                                    </tr>
                                  </tbody>
                                </table>
                              </td>
                            </tr>
                          </tbody>
                        </table>
                      </th>
                    </tr>
                  </tbody>
                </table>
              </th>
            </tr>
          </tbody>
        </table>
        <table
          align="center"
          className="row"
        >
          <tbody>
            <tr>
              <th
                align="center"
                className="large-12 small-12 columns first last"
              >
                <table>
                  <tbody>
                    <tr>
                      <th
                        className="text-center small-text-center"
                      >
                        <div>
                          <p>
                            Your account is waiting for you and there are only a couple quick steps to complete.
                          </p>
                          <ol>
                            <li>
                              Click the button below to register your account.
                            </li>
                            <li>
                              On the registration page simply enter a password for your new account and click "Register".
                            </li>
                          </ol>
                        </div>
                      </th>
                    </tr>
                  </tbody>
                </table>
              </th>
            </tr>
          </tbody>
        </table>
        <table
          align="center"
          className="row"
        >
          <tbody>
            <tr>
              <th
                align="center"
                className="large-12 small-12 columns first last"
              >
                <table>
                  <tbody>
                    <tr>
                      <th
                        className="text-center small-text-center"
                      >
                        <div>
                          <p>
                            You're ready to explore the new tools and resources you have access to.
                          </p>
                          <table>
                            <tbody>
                              <tr>
                                <td>
                                  <table
                                    cellPadding="0"
                                    cellSpacing="0"
                                  >
                                    <tr>
                                      <td
                                        align="center"
                                        bgcolor="#2F4050"
                                        height="40"
                                        style={
                                          Object {
                                            "borderRadius": "5px",
                                            "color": "#ffffff",
                                            "display": "block",
                                          }
                                        }
                                        width="300"
                                      >
                                        <a
                                          href="#"
                                          style={
                                            Object {
                                              "display": "inline-block",
                                              "fontFamily": "sans-serif",
                                              "fontSize": "16px",
                                              "fontWeight": "bold",
                                              "lineHeight": "40px",
                                              "textDecoration": "none",
                                              "width": "100%",
                                            }
                                          }
                                        >
                                          <span
                                            style={
                                              Object {
                                                "color": "#FFFFFF",
                                              }
                                            }
                                          >
                                            Create Your Account
                                          </span>
                                        </a>
                                      </td>
                                    </tr>
                                  </table>
                                </td>
                              </tr>
                            </tbody>
                          </table>
                        </div>
                      </th>
                    </tr>
                  </tbody>
                </table>
              </th>
            </tr>
          </tbody>
        </table>
      </td>
    </tr>
  </tbody>
</table>
`;
